[pre-commit] Running lint-staged in alzhraERP...
[33m[STARTED][39m Backing up original state...
[32m[COMPLETED][39m Backed up original state in git stash (5705adf)
[33m[STARTED][39m Hiding unstaged changes to partially staged files...
[32m[COMPLETED][39m Hiding unstaged changes to partially staged files...
[33m[STARTED][39m Running tasks for staged files...
[33m[STARTED][39m package.json — 39 files (chunk 1/7)...
[33m[STARTED][39m package.json — 39 files (chunk 2/7)...
[33m[STARTED][39m package.json — 39 files (chunk 3/7)...
[33m[STARTED][39m package.json — 39 files (chunk 4/7)...
[33m[STARTED][39m package.json — 39 files (chunk 5/7)...
[33m[STARTED][39m package.json — 39 files (chunk 6/7)...
[33m[STARTED][39m package.json — 38 files (chunk 7/7)...
[33m[STARTED][39m *.{ts,tsx} — 31 files
[33m[STARTED][39m *.{json,md} — 5 files
[33m[STARTED][39m *.{ts,tsx} — 39 files
[33m[STARTED][39m *.{json,md} — 0 files
[33m[STARTED][39m *.{ts,tsx} — 39 files
[33m[STARTED][39m *.{json,md} — 0 files
[33m[STARTED][39m *.{ts,tsx} — 39 files
[33m[STARTED][39m *.{json,md} — 0 files
[33m[STARTED][39m *.{ts,tsx} — 39 files
[33m[STARTED][39m *.{json,md} — 0 files
[33m[STARTED][39m *.{ts,tsx} — 39 files
[33m[STARTED][39m *.{json,md} — 0 files
[33m[STARTED][39m *.{ts,tsx} — 36 files
[33m[STARTED][39m *.{json,md} — 0 files
[33m[SKIPPED][39m *.{json,md} — no files
[33m[SKIPPED][39m *.{json,md} — no files
[33m[SKIPPED][39m *.{json,md} — no files
[33m[SKIPPED][39m *.{json,md} — no files
[33m[SKIPPED][39m *.{json,md} — no files
[33m[SKIPPED][39m *.{json,md} — no files
[33m[STARTED][39m eslint --fix
[33m[STARTED][39m prettier --write
[33m[STARTED][39m eslint --fix
[33m[STARTED][39m eslint --fix
[33m[STARTED][39m eslint --fix
[33m[STARTED][39m eslint --fix
[33m[STARTED][39m eslint --fix
[33m[STARTED][39m eslint --fix
[32m[COMPLETED][39m prettier --write
[32m[COMPLETED][39m *.{json,md} — 5 files
[31m[FAILED][39m eslint --fix [FAILED]
[31m[FAILED][39m eslint --fix [FAILED]
[31m[FAILED][39m eslint --fix [KILLED]
[31m[FAILED][39m eslint --fix [KILLED]
[31m[FAILED][39m eslint --fix [KILLED]
[31m[FAILED][39m eslint --fix [KILLED]
[31m[FAILED][39m eslint --fix [KILLED]
[31m[FAILED][39m eslint --fix [KILLED]
[31m[FAILED][39m eslint --fix [KILLED]
[31m[FAILED][39m eslint --fix [KILLED]
[31m[FAILED][39m eslint --fix [KILLED]
[31m[FAILED][39m eslint --fix [KILLED]
[31m[FAILED][39m eslint --fix [KILLED]
[31m[FAILED][39m eslint --fix [KILLED]
[32m[COMPLETED][39m Running tasks for staged files...
[33m[STARTED][39m Applying modifications from tasks...
[33m[SKIPPED][39m Skipped because of errors from tasks.
[33m[STARTED][39m Restoring unstaged changes to partially staged files...
[33m[SKIPPED][39m Skipped because of errors from tasks.
[33m[STARTED][39m Reverting to original state because of errors...
[32m[COMPLETED][39m Reverting to original state because of errors...
[33m[STARTED][39m Cleaning up temporary files...
[32m[COMPLETED][39m Cleaning up temporary files...

✖ eslint --fix:

C:\Users\seens\12\alzhraERP-1\alzhraERP\src\features\inventory\components\product_form\ProductImageUploader.tsx
  13:47  error  Arrow function has too many lines (57). Maximum allowed is 50                                              max-lines-per-function
  19:21  error  Unexpected nullable string value in conditional. Please handle the nullish/empty cases explicitly          @typescript-eslint/strict-boolean-expressions
  19:30  error  Prefer using nullish coalescing operator (`??`) instead of a logical or (`||`), as it is a safer operator  @typescript-eslint/prefer-nullish-coalescing
  22:70  error  Missing return type on function                                                                            @typescript-eslint/explicit-function-return-type
  35:25  error  Missing return type on function                                                                            @typescript-eslint/explicit-function-return-type
  47:13  error  Unexpected nullable string value in conditional. Please handle the nullish/empty cases explicitly          @typescript-eslint/strict-boolean-expressions
  49:12  error  Unexpected nullable string value in conditional. Please handle the nullish/empty cases explicitly          @typescript-eslint/strict-boolean-expressions
  57:11  error  A form label must have accessible text                                                                     jsx-a11y/label-has-associated-control
  61:10  error  Unexpected nullable string value in conditional. Please handle the nullish/empty cases explicitly          @typescript-eslint/strict-boolean-expressions

C:\Users\seens\12\alzhraERP-1\alzhraERP\src\features\inventory\components\products\ProductTableColumns.tsx
   14:34   error  Arrow function has too many lines (149). Maximum allowed is 50                                             max-lines-per-function
   31:26   error  Unexpected nullable string value in conditional. Please handle the nullish/empty cases explicitly          @typescript-eslint/strict-boolean-expressions
   41:22   error  Unexpected nullable string value in conditional. Please handle the nullish/empty cases explicitly          @typescript-eslint/strict-boolean-expressions
   41:36   error  Prefer using nullish coalescing operator (`??`) instead of a logical or (`||`), as it is a safer operator  @typescript-eslint/prefer-nullish-coalescing
   51:22   error  Unexpected nullable string value in conditional. Please handle the nullish/empty cases explicitly          @typescript-eslint/strict-boolean-expressions
   51:30   error  Prefer using nullish coalescing operator (`??`) instead of a logical or (`||`), as it is a safer operator  @typescript-eslint/prefer-nullish-coalescing
   61:22   error  Unexpected nullable string value in conditional. Please handle the nullish/empty cases explicitly          @typescript-eslint/strict-boolean-expressions
   61:29   error  Prefer using nullish coalescing operator (`??`) instead of a logical or (`||`), as it is a safer operator  @typescript-eslint/prefer-nullish-coalescing
   71:22   error  Unexpected nullable string value in conditional. Please handle the nullish/empty cases explicitly          @typescript-eslint/strict-boolean-expressions
   71:33   error  Prefer using nullish coalescing operator (`??`) instead of a logical or (`||`), as it is a safer operator  @typescript-eslint/prefer-nullish-coalescing
   81:22   error  Unexpected nullable string value in conditional. Please handle the nullish/empty cases explicitly          @typescript-eslint/strict-boolean-expressions
   81:33   error  Prefer using nullish coalescing operator (`??`) instead of a logical or (`||`), as it is a safer operator  @typescript-eslint/prefer-nullish-coalescing
   92:21   error  Unexpected nullable boolean value in conditional. Please handle the nullish case explicitly                @typescript-eslint/strict-boolean-expressions
  114:148  error  Unnecessary conditional, expected left-hand side of `??` operator to be possibly null or undefined         @typescript-eslint/no-unnecessary-condition
  114:148  error  Unnecessary conditional, expected left-hand side of `??` operator to be possibly null or undefined         @typescript-eslint/no-unnecessary-condition
  124:61   error  Unexpected nullable string value in conditional. Please handle the nullish/empty cases explicitly          @typescript-eslint/strict-boolean-expressions
  124:73   error  Prefer using nullish coalescing operator (`??`) instead of a logical or (`||`), as it is a safer operator  @typescript-eslint/prefer-nullish-coalescing
  124:76   error  Unexpected nullable string value in conditional. Please handle the nullish/empty cases explicitly          @typescript-eslint/strict-boolean-expressions
  124:92   error  Prefer using nullish coalescing operator (`??`) instead of a logical or (`||`), as it is a safer operator  @typescript-eslint/prefer-nullish-coalescing

C:\Users\seens\12\alzhraERP-1\alzhraERP\src\features\inventory\components\transfers\TransferMobileCard.tsx
   29:70  error  Arrow function has too many lines (86). Maximum allowed is 50                                              max-lines-per-function
   29:88  error  Arrow function has a complexity of 17. Maximum allowed is 10                                               complexity
   34:74  error  Unexpected nullable string value in conditional. Please handle the nullish/empty cases explicitly          @typescript-eslint/strict-boolean-expressions
   34:92  error  Prefer using nullish coalescing operator (`??`) instead of a logical or (`||`), as it is a safer operator  @typescript-eslint/prefer-nullish-coalescing
   62:16  error  Unexpected nullable string value in conditional. Please handle the nullish/empty cases explicitly          @typescript-eslint/strict-boolean-expressions
   62:42  error  Prefer using nullish coalescing operator (`??`) instead of a logical or (`||`), as it is a safer operator  @typescript-eslint/prefer-nullish-coalescing
   62:45  error  Unexpected nullable string value in conditional. Please handle the nullish/empty cases explicitly          @typescript-eslint/strict-boolean-expressions
   62:67  error  Prefer using nullish coalescing operator (`??`) instead of a logical or (`||`), as it is a safer operator  @typescript-eslint/prefer-nullish-coalescing
   69:16  error  Unexpected nullable string value in conditional. Please handle the nullish/empty cases explicitly          @typescript-eslint/strict-boolean-expressions
   69:40  error  Prefer using nullish coalescing operator (`??`) instead of a logical or (`||`), as it is a safer operator  @typescript-eslint/prefer-nullish-coalescing
   69:43  error  Unexpected nullable string value in conditional. Please handle the nullish/empty cases explicitly          @typescript-eslint/strict-boolean-expressions
   69:63  error  Prefer using nullish coalescing operator (`??`) instead of a logical or (`||`), as it is a safer operator  @typescript-eslint/prefer-nullish-coalescing
   78:42  error  Unexpected nullable number value in conditional. Please handle the nullish/zero/NaN cases explicitly       @typescript-eslint/strict-boolean-expressions
   78:55  error  Prefer using nullish coalescing operator (`??`) instead of a logical or (`||`), as it is a safer operator  @typescript-eslint/prefer-nullish-coalescing
   92:19  error  Prefer using nullish coalescing operator (`??`) instead of a logical or (`||`), as it is a safer operator  @typescript-eslint/prefer-nullish-coalescing
   95:25  error  Prefer using nullish coalescing operator (`??`) instead of a logical or (`||`), as it is a safer operator  @typescript-eslint/prefer-nullish-coalescing
  100:20  error  Unexpected nullable string value in conditional. Please handle the nullish/empty cases explicitly          @typescript-eslint/strict-boolean-expressions
  100:39  error  Prefer using nullish coalescing operator (`??`) instead of a logical or (`||`), as it is a safer operator  @typescript-eslint/prefer-nullish-coalescing
  100:42  error  Unexpected nullable string value in conditional. Please handle the nullish/empty cases explicitly          @typescript-eslint/strict-boolean-expressions
  100:57  error  Prefer using nullish coalescing operator (`??`) instead of a logical or (`||`), as it is a safer operator  @typescript-eslint/prefer-nullish-coalescing
  103:25  error  Prefer using nullish coalescing operator (`??`) instead of a logical or (`||`), as it is a safer operator  @typescript-eslint/prefer-nullish-coalescing
  105:30  error  Prefer using nullish coalescing operator (`??`) instead of a logical or (`||`), as it is a safer operator  @typescript-eslint/prefer-nullish-coalescing

C:\Users\seens\12\alzhraERP-1\alzhraERP\src\features\inventory\components\transfers\TransferProductSearch.tsx
   15:48  error    Arrow function has too many lines (211). Maximum allowed is 50                                                                                                                                     max-lines-per-function
   29:37  error    Missing return type on function                                                                                                                                                                    @typescript-eslint/explicit-function-return-type
   30:14  error    Unexpected nullable string value in conditional. Please handle the nullish/empty cases explicitly                                                                                                  @typescript-eslint/strict-boolean-expressions
   30:38  error    Unnecessary conditional, expected left-hand side of `??` operator to be possibly null or undefined                                                                                                 @typescript-eslint/no-unnecessary-condition
   32:58  error    Unexpected any. Specify a different type                                                                                                                                                           @typescript-eslint/no-explicit-any
   32:68  error    Unsafe member access .warehouse_id on an `any` value                                                                                                                                               @typescript-eslint/no-unsafe-member-access
   33:28  error    Passing a number to Number() does not change the type or value of the number                                                                                                                       @typescript-eslint/no-unnecessary-type-conversion
   35:16  error    Unnecessary conditional, expected left-hand side of `??` operator to be possibly null or undefined                                                                                                 @typescript-eslint/no-unnecessary-condition
   42:32  error    Unexpected nullable string value in conditional. Please handle the nullish/empty cases explicitly                                                                                                  @typescript-eslint/strict-boolean-expressions
   50:48  error    Missing return type on function                                                                                                                                                                    @typescript-eslint/explicit-function-return-type
   69:8   error    React Hook useMemo has a missing dependency: 'getWhStock'. Either include it or remove the dependency array                                                                                        react-hooks/exhaustive-deps
   73:52  error    Missing return type on function                                                                                                                                                                    @typescript-eslint/explicit-function-return-type
  115:18  error    Unexpected nullable string value in conditional. Please handle the nullish/empty cases explicitly                                                                                                  @typescript-eslint/strict-boolean-expressions
  154:50  error    Arrow function has too many lines (68). Maximum allowed is 50                                                                                                                                      max-lines-per-function
  159:37  warning  Visible, non-interactive elements with click handlers must have at least one keyboard listener                                                                                                     jsx-a11y/click-events-have-key-events
  159:37  warning  Avoid non-native interactive elements. If using native HTML is not possible, add an appropriate role and support for tabbing, mouse, keyboard, and touch inputs to an interactive content element  jsx-a11y/no-static-element-interactions
  178:50  error    Unexpected nullable string value in conditional. Please handle the nullish/empty cases explicitly                                                                                                  @typescript-eslint/strict-boolean-expressions
  185:50  error    Unexpected nullable string value in conditional. Please handle the nullish/empty cases explicitly                                                                                                  @typescript-eslint/strict-boolean-expressions
  187:50  error    Unexpected nullable string value in conditional. Please handle the nullish/empty cases explicitly                                                                                                  @typescript-eslint/strict-boolean-expressions

C:\Users\seens\12\alzhraERP-1\alzhraERP\src\features\inventory\components\warehouses\WarehouseDetailView.tsx
  11:17   error  Unexpected any. Specify a different type                                                                   @typescript-eslint/no-explicit-any
  14:46   error  Arrow function has too many lines (83). Maximum allowed is 50                                              max-lines-per-function
  16:11   error  Unsafe assignment of an `any` value                                                                        @typescript-eslint/no-unsafe-assignment
  16:46   error  Unsafe member access .id on an `any` value                                                                 @typescript-eslint/no-unsafe-member-access
  21:36   error  Unexpected any. Specify a different type                                                                   @typescript-eslint/no-explicit-any
  21:46   error  Unsafe member access .stock_quantity on an `any` value                                                     @typescript-eslint/no-unsafe-member-access
  21:65   error  Unexpected any value in conditional. An explicit comparison or type conversion is required                 @typescript-eslint/strict-boolean-expressions
  21:69   error  Unsafe member access .min_stock_level on an `any` value                                                    @typescript-eslint/no-unsafe-member-access
  21:85   error  Prefer using nullish coalescing operator (`??`) instead of a logical or (`||`), as it is a safer operator  @typescript-eslint/prefer-nullish-coalescing
  24:10   error  Unexpected any value in conditional. An explicit comparison or type conversion is required                 @typescript-eslint/strict-boolean-expressions
  42:122  error  Unsafe member access .name_ar on an `any` value                                                            @typescript-eslint/no-unsafe-member-access
  43:88   error  Unexpected any value in conditional. An explicit comparison or type conversion is required                 @typescript-eslint/strict-boolean-expressions
  43:98   error  Unsafe member access .location on an `any` value                                                           @typescript-eslint/no-unsafe-member-access
  43:107  error  Prefer using nullish coalescing operator (`??`) instead of a logical or (`||`), as it is a safer operator  @typescript-eslint/prefer-nullish-coalescing
  53:50   error  Unexpected any value in conditional. An explicit comparison or type conversion is required                 @typescript-eslint/strict-boolean-expressions
  53:60   error  Unsafe member access .stockValue on an `any` value                                                         @typescript-eslint/no-unsafe-member-access
  53:71   error  Prefer using nullish coalescing operator (`??`) instead of a logical or (`||`), as it is a safer operator  @typescript-eslint/prefer-nullish-coalescing
  61:55   error  Unexpected any value in conditional. An explicit comparison or type conversion is required                 @typescript-eslint/strict-boolean-expressions
  61:65   error  Unsafe member access .itemCount on an `any` value                                                          @typescript-eslint/no-unsafe-member-access
  61:75   error  Prefer using nullish coalescing operator (`??`) instead of a logical or (`||`), as it is a safer operator  @typescript-eslint/prefer-nullish-coalescing
  69:55   error  Unexpected any value in conditional. An explicit comparison or type conversion is required                 @typescript-eslint/strict-boolean-expressions
  69:65   error  Unsafe member access .totalStock on an `any` value                                                         @typescript-eslint/no-unsafe-member-access
  69:76   error  Prefer using nullish coalescing operator (`??`) instead of a logical or (`||`), as it is a safer operator  @typescript-eslint/prefer-nullish-coalescing
  89:45   error  Prefer using nullish coalescing operator (`??`) instead of a logical or (`||`), as it is a safer operator  @typescript-eslint/prefer-nullish-coalescing

C:\Users\seens\12\alzhraERP-1\alzhraERP\src\features\inventory\components\warehouses\WarehouseListSidebar.tsx
   8:17   error  Unexpected any. Specify a different type                                                                   @typescript-eslint/no-explicit-any
  27:36   error  Arrow function has a complexity of 11. Maximum allowed is 10                                               complexity
  29:30   error  Unsafe assignment of an `any` value                                                                        @typescript-eslint/no-unsafe-assignment
  29:33   error  Unsafe member access .id on an `any` value                                                                 @typescript-eslint/no-unsafe-member-access
  30:51   error  Unsafe argument of type `any` assigned to a parameter of type `string`                                     @typescript-eslint/no-unsafe-argument
  30:54   error  Unsafe member access .id on an `any` value                                                                 @typescript-eslint/no-unsafe-member-access
  33:47   error  Unsafe member access .id on an `any` value                                                                 @typescript-eslint/no-unsafe-member-access
  38:98   error  Unsafe member access .name_ar on an `any` value                                                            @typescript-eslint/no-unsafe-member-access
  40:139  error  Unsafe member access .id on an `any` value                                                                 @typescript-eslint/no-unsafe-member-access
  41:56   error  Unexpected any value in conditional. An explicit comparison or type conversion is required                 @typescript-eslint/strict-boolean-expressions
  41:59   error  Unsafe member access .stockValue on an `any` value                                                         @typescript-eslint/no-unsafe-member-access
  41:70   error  Prefer using nullish coalescing operator (`??`) instead of a logical or (`||`), as it is a safer operator  @typescript-eslint/prefer-nullish-coalescing
  45:67   error  Unsafe member access .id on an `any` value                                                                 @typescript-eslint/no-unsafe-member-access
  45:109  error  Unexpected any value in conditional. An explicit comparison or type conversion is required                 @typescript-eslint/strict-boolean-expressions
  45:112  error  Unsafe member access .location on an `any` value                                                           @typescript-eslint/no-unsafe-member-access
  45:121  error  Prefer using nullish coalescing operator (`??`) instead of a logical or (`||`), as it is a safer operator  @typescript-eslint/prefer-nullish-coalescing
  47:74   error  Unsafe member access .id on an `any` value                                                                 @typescript-eslint/no-unsafe-member-access
  47:160  error  Unexpected any value in conditional. An explicit comparison or type conversion is required                 @typescript-eslint/strict-boolean-expressions
  47:163  error  Unsafe member access .itemCount on an `any` value                                                          @typescript-eslint/no-unsafe-member-access
  47:173  error  Prefer using nullish coalescing operator (`??`) instead of a logical or (`||`), as it is a safer operator  @typescript-eslint/prefer-nullish-coalescing
  48:74   error  Unsafe member access .id on an `any` value                                                                 @typescript-eslint/no-unsafe-member-access
  48:160  error  Unexpected any value in conditional. An explicit comparison or type conversion is required                 @typescript-eslint/strict-boolean-expressions
  48:163  error  Unsafe member access .totalStock on an `any` value                                                         @typescript-eslint/no-unsafe-member-access
  48:174  error  Prefer using nullish coalescing operator (`??`) instead of a logical or (`||`), as it is a safer operator  @typescript-eslint/prefer-nullish-coalescing
  51:44   error  Unsafe member access .id on an `any` value                                                                 @typescript-eslint/no-unsafe-member-access

C:\Users\seens\12\alzhraERP-1\alzhraERP\src\features\inventory\components\warehouses\WarehouseProductList.tsx
  12:47  error  Arrow function has too many lines (52). Maximum allowed is 50  max-lines-per-function
  44:76  error  Unexpected any. Specify a different type                       @typescript-eslint/no-explicit-any
  45:42  error  Unsafe assignment of an `any` value                            @typescript-eslint/no-unsafe-assignment
  45:46  error  Unsafe member access .id on an `any` value                     @typescript-eslint/no-unsafe-member-access
  45:57  error  Unsafe assignment of an `any` value                            @typescript-eslint/no-unsafe-assignment
  45:61  error  Unsafe member access .name on an `any` value                   @typescript-eslint/no-unsafe-member-access
  45:72  error  Unsafe member access .name on an `any` value                   @typescript-eslint/no-unsafe-member-access
  58:35  error  Invalid type "number" of template literal expression           @typescript-eslint/restrict-template-expressions

C:\Users\seens\12\alzhraERP-1\alzhraERP\src\features\inventory\components\warehouses\WarehouseTable.tsx
  24:41   error  Arrow function has too many lines (59). Maximum allowed is 50                                              max-lines-per-function
  37:105  error  Unexpected nullable string value in conditional. Please handle the nullish/empty cases explicitly          @typescript-eslint/strict-boolean-expressions
  37:118  error  Prefer using nullish coalescing operator (`??`) instead of a logical or (`||`), as it is a safer operator  @typescript-eslint/prefer-nullish-coalescing
  40:147  error  Passing a number to Number() does not change the type or value of the number                               @typescript-eslint/no-unnecessary-type-conversion
  40:154  error  Unexpected nullable number value in conditional. Please handle the nullish/zero/NaN cases explicitly       @typescript-eslint/strict-boolean-expressions
  40:169  error  Prefer using nullish coalescing operator (`??`) instead of a logical or (`||`), as it is a safer operator  @typescript-eslint/prefer-nullish-coalescing
  45:139  error  Passing a number to Number() does not change the type or value of the number                               @typescript-eslint/no-unnecessary-type-conversion
  45:146  error  Unexpected nullable number value in conditional. Please handle the nullish/zero/NaN cases explicitly       @typescript-eslint/strict-boolean-expressions
  45:160  error  Prefer using nullish coalescing operator (`??`) instead of a logical or (`||`), as it is a safer operator  @typescript-eslint/prefer-nullish-coalescing
  50:142  error  Passing a number to Number() does not change the type or value of the number                               @typescript-eslint/no-unnecessary-type-conversion
  50:149  error  Unexpected nullable number value in conditional. Please handle the nullish/zero/NaN cases explicitly       @typescript-eslint/strict-boolean-expressions
  50:164  error  Prefer using nullish coalescing operator (`??`) instead of a logical or (`||`), as it is a safer operator  @typescript-eslint/prefer-nullish-coalescing

C:\Users\seens\12\alzhraERP-1\alzhraERP\src\features\inventory\pages\AuditSessionPage.tsx
   27:36   error    Arrow function has too many lines (475). Maximum allowed is 50                                                                                                                                     max-lines-per-function
   27:39   error    Arrow function has a complexity of 36. Maximum allowed is 10                                                                                                                                       complexity
   65:13   error    Unexpected any value in conditional. An explicit comparison or type conversion is required                                                                                                         @typescript-eslint/strict-boolean-expressions
   65:26   error    Unnecessary optional chain on a non-nullish value                                                                                                                                                  @typescript-eslint/no-unnecessary-condition
   66:30   error    Forbidden non-null assertion                                                                                                                                                                       @typescript-eslint/no-non-null-assertion
  108:13   error    Unexpected object value in conditional. The condition is always true                                                                                                                               @typescript-eslint/strict-boolean-expressions
  108:13   error    Unnecessary conditional, value is always truthy                                                                                                                                                    @typescript-eslint/no-unnecessary-condition
  119:39   error    Missing return type on function                                                                                                                                                                    @typescript-eslint/explicit-function-return-type
  121:17   error    Unexpected object value in conditional. The condition is always true                                                                                                                               @typescript-eslint/strict-boolean-expressions
  121:17   error    Unnecessary conditional, value is always truthy                                                                                                                                                    @typescript-eslint/no-unnecessary-condition
  150:27   error    Missing return type on function                                                                                                                                                                    @typescript-eslint/explicit-function-return-type
  151:27   error    Unnecessary conditional, value is always truthy                                                                                                                                                    @typescript-eslint/no-unnecessary-condition
  151:27   error    Unexpected object value in conditional. The condition is always true                                                                                                                               @typescript-eslint/strict-boolean-expressions
  152:29   error    Unexpected object value in conditional. The condition is always true                                                                                                                               @typescript-eslint/strict-boolean-expressions
  152:29   error    Unnecessary conditional, value is always truthy                                                                                                                                                    @typescript-eslint/no-unnecessary-condition
  152:100  error    Prefer using nullish coalescing operator (`??`) instead of a logical or (`||`), as it is a safer operator                                                                                          @typescript-eslint/prefer-nullish-coalescing
  153:79   error    Arrow function has a complexity of 12. Maximum allowed is 10                                                                                                                                       complexity
  155:29   error    Generic Object Injection Sink                                                                                                                                                                      security/detect-object-injection
  158:36   error    'rawItem.product_id || rawItem.id || ''' will use Object's default stringification format ('[object Object]') when stringified                                                                     @typescript-eslint/no-base-to-string
  158:36   error    Unexpected any value in conditional. An explicit comparison or type conversion is required                                                                                                         @typescript-eslint/strict-boolean-expressions
  158:55   error    Prefer using nullish coalescing operator (`??`) instead of a logical or (`||`), as it is a safer operator                                                                                          @typescript-eslint/prefer-nullish-coalescing
  158:58   error    Unexpected any value in conditional. An explicit comparison or type conversion is required                                                                                                         @typescript-eslint/strict-boolean-expressions
  158:69   error    Prefer using nullish coalescing operator (`??`) instead of a logical or (`||`), as it is a safer operator                                                                                          @typescript-eslint/prefer-nullish-coalescing
  169:31   error    Missing return type on function                                                                                                                                                                    @typescript-eslint/explicit-function-return-type
  171:48   error    Invalid type "number" of template literal expression                                                                                                                                               @typescript-eslint/restrict-template-expressions
  175:13   error    Unexpected nullable string value in conditional. Please handle the nullish/empty cases explicitly                                                                                                  @typescript-eslint/strict-boolean-expressions
  176:31   error    Unnecessary conditional, value is always truthy                                                                                                                                                    @typescript-eslint/no-unnecessary-condition
  176:31   error    Unexpected object value in conditional. The condition is always true                                                                                                                               @typescript-eslint/strict-boolean-expressions
  177:33   error    Unexpected object value in conditional. The condition is always true                                                                                                                               @typescript-eslint/strict-boolean-expressions
  177:33   error    Unnecessary conditional, value is always truthy                                                                                                                                                    @typescript-eslint/no-unnecessary-condition
  177:104  error    Prefer using nullish coalescing operator (`??`) instead of a logical or (`||`), as it is a safer operator                                                                                          @typescript-eslint/prefer-nullish-coalescing
  178:87   error    Arrow function has a complexity of 12. Maximum allowed is 10                                                                                                                                       complexity
  180:33   error    Generic Object Injection Sink                                                                                                                                                                      security/detect-object-injection
  183:40   error    'rawItem.product_id || rawItem.id || ''' will use Object's default stringification format ('[object Object]') when stringified                                                                     @typescript-eslint/no-base-to-string
  183:40   error    Unexpected any value in conditional. An explicit comparison or type conversion is required                                                                                                         @typescript-eslint/strict-boolean-expressions
  183:59   error    Prefer using nullish coalescing operator (`??`) instead of a logical or (`||`), as it is a safer operator                                                                                          @typescript-eslint/prefer-nullish-coalescing
  183:62   error    Unexpected any value in conditional. An explicit comparison or type conversion is required                                                                                                         @typescript-eslint/strict-boolean-expressions
  183:73   error    Prefer using nullish coalescing operator (`??`) instead of a logical or (`||`), as it is a safer operator                                                                                          @typescript-eslint/prefer-nullish-coalescing
  195:21   error    Promises must be awaited, end with a call to .catch, end with a call to .then with a rejection handler or be explicitly marked as ignored with the `void` operator                                 @typescript-eslint/no-floating-promises
  201:42   error    Missing return type on function                                                                                                                                                                    @typescript-eslint/explicit-function-return-type
  207:27   error    Async arrow function has too many lines (61). Maximum allowed is 50                                                                                                                                max-lines-per-function
  207:52   error    Missing return type on function                                                                                                                                                                    @typescript-eslint/explicit-function-return-type
  207:52   error    Async arrow function has a complexity of 25. Maximum allowed is 10                                                                                                                                 complexity
  208:26   error    Unnecessary optional chain on a non-nullish value                                                                                                                                                  @typescript-eslint/no-unnecessary-condition
  225:14   error    Unexpected nullable string value in conditional. Please handle the nullish/empty cases explicitly                                                                                                  @typescript-eslint/strict-boolean-expressions
  233:21   error    Unexpected object value in conditional. The condition is always true                                                                                                                               @typescript-eslint/strict-boolean-expressions
  233:21   error    Unnecessary conditional, value is always truthy                                                                                                                                                    @typescript-eslint/no-unnecessary-condition
  233:21   error    Prefer using an optional chain expression instead, as it's more concise and easier to read                                                                                                         @typescript-eslint/prefer-optional-chain
  233:28   error    Unnecessary conditional, value is always truthy                                                                                                                                                    @typescript-eslint/no-unnecessary-condition
  233:28   error    Unexpected object value in conditional. The condition is always true                                                                                                                               @typescript-eslint/strict-boolean-expressions
  236:69   error    Unnecessary optional chain on a non-nullish value                                                                                                                                                  @typescript-eslint/no-unnecessary-condition
  238:25   error    Unexpected object value in conditional. The condition is always true                                                                                                                               @typescript-eslint/strict-boolean-expressions
  238:25   error    Unnecessary conditional, value is always truthy                                                                                                                                                    @typescript-eslint/no-unnecessary-condition
  251:42   error    Unnecessary optional chain on a non-nullish value                                                                                                                                                  @typescript-eslint/no-unnecessary-condition
  255:36   error    Passing a number to Number() does not change the type or value of the number                                                                                                                       @typescript-eslint/no-unnecessary-type-conversion
  256:24   error    Unexpected any value in conditional. An explicit comparison or type conversion is required                                                                                                         @typescript-eslint/strict-boolean-expressions
  261:36   error    Passing a number to Number() does not change the type or value of the number                                                                                                                       @typescript-eslint/no-unnecessary-type-conversion
  263:20   error    Unexpected any value in conditional. An explicit comparison or type conversion is required                                                                                                         @typescript-eslint/strict-boolean-expressions
  263:35   error    Unnecessary conditional, the types have no overlap                                                                                                                                                 @typescript-eslint/no-unnecessary-condition
  266:32   error    Passing a number to Number() does not change the type or value of the number                                                                                                                       @typescript-eslint/no-unnecessary-type-conversion
  277:34   error    Missing return type on function                                                                                                                                                                    @typescript-eslint/explicit-function-return-type
  278:13   error    Unexpected nullable string value in conditional. Please handle the nullish/empty cases explicitly                                                                                                  @typescript-eslint/strict-boolean-expressions
  294:14   error    Unexpected nullable string value in conditional. Please handle the nullish/empty cases explicitly                                                                                                  @typescript-eslint/strict-boolean-expressions
  294:28   error    Unexpected any value in conditional. An explicit comparison or type conversion is required                                                                                                         @typescript-eslint/strict-boolean-expressions
  294:41   error    Unnecessary optional chain on a non-nullish value                                                                                                                                                  @typescript-eslint/no-unnecessary-condition
  301:66   error    Unexpected nullable string value in conditional. Please handle the nullish/empty cases explicitly                                                                                                  @typescript-eslint/strict-boolean-expressions
  301:71   error    Unnecessary optional chain on a non-nullish value                                                                                                                                                  @typescript-eslint/no-unnecessary-condition
  301:108  error    Unnecessary optional chain on a non-nullish value                                                                                                                                                  @typescript-eslint/no-unnecessary-condition
  301:122  error    Prefer using nullish coalescing operator (`??`) instead of a logical or (`||`), as it is a safer operator                                                                                          @typescript-eslint/prefer-nullish-coalescing
  317:23   error    Variable Assigned to Object Injection Sink                                                                                                                                                         security/detect-object-injection
  435:53   error    Promises must be awaited, end with a call to .catch, end with a call to .then with a rejection handler or be explicitly marked as ignored with the `void` operator                                 @typescript-eslint/no-floating-promises
  440:190  error    Unexpected nullable string value in conditional. Please handle the nullish/empty cases explicitly                                                                                                  @typescript-eslint/strict-boolean-expressions
  440:200  error    Prefer using nullish coalescing operator (`??`) instead of a logical or (`||`), as it is a safer operator                                                                                          @typescript-eslint/prefer-nullish-coalescing
  441:181  error    Unexpected nullable string value in conditional. Please handle the nullish/empty cases explicitly                                                                                                  @typescript-eslint/strict-boolean-expressions
  441:195  error    Prefer using nullish coalescing operator (`??`) instead of a logical or (`||`), as it is a safer operator                                                                                          @typescript-eslint/prefer-nullish-coalescing
  441:198  error    Unexpected nullable string value in conditional. Please handle the nullish/empty cases explicitly                                                                                                  @typescript-eslint/strict-boolean-expressions
  441:204  error    Prefer using nullish coalescing operator (`??`) instead of a logical or (`||`), as it is a safer operator                                                                                          @typescript-eslint/prefer-nullish-coalescing
  442:181  error    Unexpected nullable string value in conditional. Please handle the nullish/empty cases explicitly                                                                                                  @typescript-eslint/strict-boolean-expressions
  442:189  error    Prefer using nullish coalescing operator (`??`) instead of a logical or (`||`), as it is a safer operator                                                                                          @typescript-eslint/prefer-nullish-coalescing
  443:200  error    Unexpected nullable string value in conditional. Please handle the nullish/empty cases explicitly                                                                                                  @typescript-eslint/strict-boolean-expressions
  443:207  error    Prefer using nullish coalescing operator (`??`) instead of a logical or (`||`), as it is a safer operator                                                                                          @typescript-eslint/prefer-nullish-coalescing
  454:13   warning  Visible, non-interactive elements with click handlers must have at least one keyboard listener                                                                                                     jsx-a11y/click-events-have-key-events
  454:13   warning  Avoid non-native interactive elements. If using native HTML is not possible, add an appropriate role and support for tabbing, mouse, keyboard, and touch inputs to an interactive content element  jsx-a11y/no-static-element-interactions
  466:124  error    Unexpected nullable string value in conditional. Please handle the nullish/empty cases explicitly                                                                                                  @typescript-eslint/strict-boolean-expressions
  501:27   error    Unexpected nullable string value in conditional. Please handle the nullish/empty cases explicitly                                                                                                  @typescript-eslint/strict-boolean-expressions
  514:27   error    Promise-returning function provided to attribute where a void return was expected                                                                                                                  @typescript-eslint/no-misused-promises

C:\Users\seens\12\alzhraERP-1\alzhraERP\src\features\inventory\pages\QuickAuditPage.tsx
   17:34  error  Arrow function has too many lines (209). Maximum allowed is 50                                                                                                      max-lines-per-function
   34:23  error  Passing a number to Number() does not change the type or value of the number                                                                                        @typescript-eslint/no-unnecessary-type-conversion
   53:26  error  Unexpected nullable string value in conditional. Please handle the nullish/empty cases explicitly                                                                   @typescript-eslint/strict-boolean-expressions
   53:42  error  Prefer using nullish coalescing operator (`??`) instead of a logical or (`||`), as it is a safer operator                                                           @typescript-eslint/prefer-nullish-coalescing
   55:30  error  Unexpected nullable string value in conditional. Please handle the nullish/empty cases explicitly                                                                   @typescript-eslint/strict-boolean-expressions
   55:50  error  Prefer using nullish coalescing operator (`??`) instead of a logical or (`||`), as it is a safer operator                                                           @typescript-eslint/prefer-nullish-coalescing
   56:24  error  Unexpected nullable string value in conditional. Please handle the nullish/empty cases explicitly                                                                   @typescript-eslint/strict-boolean-expressions
   56:38  error  Prefer using nullish coalescing operator (`??`) instead of a logical or (`||`), as it is a safer operator                                                           @typescript-eslint/prefer-nullish-coalescing
   57:38  error  Unexpected nullable string value in conditional. Please handle the nullish/empty cases explicitly                                                                   @typescript-eslint/strict-boolean-expressions
   57:66  error  Prefer using nullish coalescing operator (`??`) instead of a logical or (`||`), as it is a safer operator                                                           @typescript-eslint/prefer-nullish-coalescing
   58:23  error  Unexpected nullable string value in conditional. Please handle the nullish/empty cases explicitly                                                                   @typescript-eslint/strict-boolean-expressions
   58:36  error  Prefer using nullish coalescing operator (`??`) instead of a logical or (`||`), as it is a safer operator                                                           @typescript-eslint/prefer-nullish-coalescing
  111:39  error  Invalid type "number" of template literal expression                                                                                                                @typescript-eslint/restrict-template-expressions
  114:17  error  Promises must be awaited, end with a call to .catch, end with a call to .then with a rejection handler or be explicitly marked as ignored with the `void` operator  @typescript-eslint/no-floating-promises
  116:28  error  Unexpected any. Specify a different type                                                                                                                            @typescript-eslint/no-explicit-any
  117:47  error  Invalid operand for a '+' operation. Operands must each be a number or string. Got `any`                                                                            @typescript-eslint/restrict-plus-operands
  117:47  error  Unexpected any value in conditional. An explicit comparison or type conversion is required                                                                          @typescript-eslint/strict-boolean-expressions
  117:52  error  Unsafe member access .message on an `any` value                                                                                                                     @typescript-eslint/no-unsafe-member-access
  117:60  error  Prefer using nullish coalescing operator (`??`) instead of a logical or (`||`), as it is a safer operator                                                           @typescript-eslint/prefer-nullish-coalescing
  139:37  error  Promise-returning function provided to attribute where a void return was expected                                                                                   @typescript-eslint/no-misused-promises
  187:64  error  Invalid type "number" of template literal expression                                                                                                                @typescript-eslint/restrict-template-expressions
  195:48  error  Prefer using nullish coalescing operator (`??`) instead of a logical or (`||`), as it is a safer operator                                                           @typescript-eslint/prefer-nullish-coalescing

C:\Users\seens\12\alzhraERP-1\alzhraERP\src\features\notifications\components\NotificationItem.tsx
   6:27  error  'NotificationType' is defined but never used. Allowed unused vars must match /^_/u                                  @typescript-eslint/no-unused-vars
  15:59  error  Arrow function has too many lines (82). Maximum allowed is 50                                                       max-lines-per-function
  17:20  error  Unnecessary conditional, value is always truthy                                                                     @typescript-eslint/no-unnecessary-condition
  17:20  error  Unexpected object value in conditional. The condition is always true                                                @typescript-eslint/strict-boolean-expressions
  30:52  error  Returning a void expression from an arrow function shorthand is forbidden. Please add braces to the arrow function  @typescript-eslint/no-confusing-void-expression

C:\Users\seens\12\alzhraERP-1\alzhraERP\src\features\notifications\components\NotificationsCenter.tsx
   36:65  error    Arrow function has too many lines (93). Maximum allowed is 50                                                                                                                                      max-lines-per-function
   96:15  warning  Visible, non-interactive elements with click handlers must have at least one keyboard listener                                                                                                     jsx-a11y/click-events-have-key-events
   96:15  warning  Avoid non-native interactive elements. If using native HTML is not possible, add an appropriate role and support for tabbing, mouse, keyboard, and touch inputs to an interactive content element  jsx-a11y/no-static-element-interactions
  113:26  error    Unexpected nullable string value in conditional. Please handle the nullish/empty cases explicitly                                                                                                  @typescript-eslint/strict-boolean-expressions
  113:98  error    Forbidden non-null assertion                                                                                                                                                                       @typescript-eslint/no-non-null-assertion

C:\Users\seens\12\alzhraERP-1\alzhraERP\src\features\pos\components\POSCart.tsx
  14:48  error  Arrow function has too many lines (58). Maximum allowed is 50  max-lines-per-function

C:\Users\seens\12\alzhraERP-1\alzhraERP\src\features\pos\components\POSSearchDropdown.tsx
   25:61  error  Arrow function has too many lines (103). Maximum allowed is 50                               max-lines-per-function
   40:4   error  Arrow function has a complexity of 16. Maximum allowed is 10                                 complexity
   48:17  error  Unnecessary conditional, value is always truthy                                              @typescript-eslint/no-unnecessary-condition
   48:17  error  Unexpected object value in conditional. The condition is always true                         @typescript-eslint/strict-boolean-expressions
   48:17  error  Generic Object Injection Sink                                                                security/detect-object-injection
   49:17  error  Generic Object Injection Sink                                                                security/detect-object-injection
   61:52  error  Missing return type on function                                                              @typescript-eslint/explicit-function-return-type
   66:18  error  Unexpected nullable boolean value in conditional. Please handle the nullish case explicitly  @typescript-eslint/strict-boolean-expressions
   72:49  error  Missing return type on function                                                              @typescript-eslint/explicit-function-return-type
  118:53  error  Unexpected empty arrow function                                                              @typescript-eslint/no-empty-function

C:\Users\seens\12\alzhraERP-1\alzhraERP\src\features\pos\components\PaymentModal.tsx
   28:51  error    Arrow function has too many lines (138). Maximum allowed is 50                                                                                                                                     max-lines-per-function
   58:40  error    Unnecessary conditional, value is always truthy                                                                                                                                                    @typescript-eslint/no-unnecessary-condition
   58:40  error    Unexpected object value in conditional. The condition is always true                                                                                                                               @typescript-eslint/strict-boolean-expressions
   59:36  error    Unnecessary conditional, expected left-hand side of `??` operator to be possibly null or undefined                                                                                                 @typescript-eslint/no-unnecessary-condition
   60:40  error    Unnecessary conditional, expected left-hand side of `??` operator to be possibly null or undefined                                                                                                 @typescript-eslint/no-unnecessary-condition
   72:17  error    Unexpected nullable string value in conditional. Please handle the nullish/empty cases explicitly                                                                                                  @typescript-eslint/strict-boolean-expressions
   73:41  error    Unexpected nullable string value in conditional. Please handle the nullish/empty cases explicitly                                                                                                  @typescript-eslint/strict-boolean-expressions
   88:50  error    Missing return type on function                                                                                                                                                                    @typescript-eslint/explicit-function-return-type
   90:52  error    Unnecessary conditional, value is always truthy                                                                                                                                                    @typescript-eslint/no-unnecessary-condition
  100:9   warning  Visible, non-interactive elements with click handlers must have at least one keyboard listener                                                                                                     jsx-a11y/click-events-have-key-events
  100:9   warning  Avoid non-native interactive elements. If using native HTML is not possible, add an appropriate role and support for tabbing, mouse, keyboard, and touch inputs to an interactive content element  jsx-a11y/no-static-element-interactions

C:\Users\seens\12\alzhraERP-1\alzhraERP\src\features\pos\components\ProductGrid.tsx
  18:49  error  Arrow function has too many lines (87). Maximum allowed is 50                      max-lines-per-function
  24:4   error  Arrow function has a complexity of 12. Maximum allowed is 10                       complexity
  43:19  error  Unsafe spread of an `any` value in an array                                        @typescript-eslint/no-unsafe-assignment
  82:47  error  Promise-returning function provided to attribute where a void return was expected  @typescript-eslint/no-misused-promises
  86:51  error  Unnecessary conditional, value is always truthy                                    @typescript-eslint/no-unnecessary-condition

C:\Users\seens\12\alzhraERP-1\alzhraERP\src\features\pos\components\SuspendedOrdersModal.tsx
  11:74  error  Arrow function has too many lines (62). Maximum allowed is 50                                              max-lines-per-function
  42:46  error  Unexpected nullable string value in conditional. Please handle the nullish/empty cases explicitly          @typescript-eslint/strict-boolean-expressions
  42:67  error  Prefer using nullish coalescing operator (`??`) instead of a logical or (`||`), as it is a safer operator  @typescript-eslint/prefer-nullish-coalescing

C:\Users\seens\12\alzhraERP-1\alzhraERP\src\features\pos\components\cart\CartItemRow.tsx
  15:67  error  Arrow function has too many lines (118). Maximum allowed is 50                                             max-lines-per-function
  21:4   error  Arrow function has a complexity of 14. Maximum allowed is 10                                               complexity
  22:57  error  Prefer using nullish coalescing operator (`??`) instead of a logical or (`||`), as it is a safer operator  @typescript-eslint/prefer-nullish-coalescing
  70:18  error  Unexpected nullable string value in conditional. Please handle the nullish/empty cases explicitly          @typescript-eslint/strict-boolean-expressions
  70:34  error  Prefer using nullish coalescing operator (`??`) instead of a logical or (`||`), as it is a safer operator  @typescript-eslint/prefer-nullish-coalescing

C:\Users\seens\12\alzhraERP-1\alzhraERP\src\features\pos\components\grid\CategoryPills.tsx
   5:17  error  Unexpected any. Specify a different type                                       @typescript-eslint/no-explicit-any
  26:26  error  Unsafe assignment of an `any` value                                            @typescript-eslint/no-unsafe-assignment
  26:30  error  Unsafe member access .id on an `any` value                                     @typescript-eslint/no-unsafe-member-access
  27:55  error  Unsafe argument of type `any` assigned to a parameter of type `string | null`  @typescript-eslint/no-unsafe-argument
  27:59  error  Unsafe member access .id on an `any` value                                     @typescript-eslint/no-unsafe-member-access
  30:50  error  Unsafe member access .id on an `any` value                                     @typescript-eslint/no-unsafe-member-access
  35:26  error  Unsafe member access .name on an `any` value                                   @typescript-eslint/no-unsafe-member-access

C:\Users\seens\12\alzhraERP-1\alzhraERP\src\features\pos\components\grid\ProductCard.tsx
   14:67  error    Arrow function has too many lines (189). Maximum allowed is 50                                                                                                                                     max-lines-per-function
   20:4   error    Arrow function has a complexity of 30. Maximum allowed is 10                                                                                                                                       complexity
   26:9   error    Unexpected nullable boolean value in conditional. Please handle the nullish case explicitly                                                                                                        @typescript-eslint/strict-boolean-expressions
   29:58  error    Prefer using nullish coalescing operator (`??`) instead of a logical or (`||`), as it is a safer operator                                                                                          @typescript-eslint/prefer-nullish-coalescing
   61:18  error    Unexpected nullable string value in conditional. Please handle the nullish/empty cases explicitly                                                                                                  @typescript-eslint/strict-boolean-expressions
  113:26  error    Unexpected nullable boolean value in conditional. Please handle the nullish case explicitly                                                                                                        @typescript-eslint/strict-boolean-expressions
  119:41  error    Unexpected nullable string value in conditional. Please handle the nullish/empty cases explicitly                                                                                                  @typescript-eslint/strict-boolean-expressions
  124:41  error    Unexpected nullable string value in conditional. Please handle the nullish/empty cases explicitly                                                                                                  @typescript-eslint/strict-boolean-expressions
  145:41  error    Unnecessary conditional, expected left-hand side of `??` operator to be possibly null or undefined                                                                                                 @typescript-eslint/no-unnecessary-condition
  145:41  error    Unnecessary conditional, expected left-hand side of `??` operator to be possibly null or undefined                                                                                                 @typescript-eslint/no-unnecessary-condition
  166:17  warning  Avoid non-native interactive elements. If using native HTML is not possible, add an appropriate role and support for tabbing, mouse, keyboard, and touch inputs to an interactive content element  jsx-a11y/no-static-element-interactions

C:\Users\seens\12\alzhraERP-1\alzhraERP\src\features\pos\components\layout\POSHeader.tsx
   12:13   error  Unexpected any. Specify a different type                                                           @typescript-eslint/no-explicit-any
   22:30   error  Unexpected any. Specify a different type                                                           @typescript-eslint/no-explicit-any
   23:29   error  Unexpected any. Specify a different type                                                           @typescript-eslint/no-explicit-any
   24:17   error  Unexpected any. Specify a different type                                                           @typescript-eslint/no-explicit-any
   29:63   error  Arrow function has too many lines (212). Maximum allowed is 50                                     max-lines-per-function
   45:4    error  Arrow function has a complexity of 12. Maximum allowed is 10                                       complexity
   53:11   error  Unsafe assignment of an `any` value                                                                @typescript-eslint/no-unsafe-assignment
   53:54   error  Unsafe member access .id on an `any` value                                                         @typescript-eslint/no-unsafe-member-access
   57:45   error  Missing return type on function                                                                    @typescript-eslint/explicit-function-return-type
   81:25   error  Promise-returning function provided to attribute where a void return was expected                  @typescript-eslint/no-misused-promises
  120:35   error  Unexpected nullable string value in conditional. Please handle the nullish/empty cases explicitly  @typescript-eslint/strict-boolean-expressions
  128:34   error  Unexpected any value in conditional. An explicit comparison or type conversion is required         @typescript-eslint/strict-boolean-expressions
  128:72   error  Unsafe member access .name_ar on an `any` value                                                    @typescript-eslint/no-unsafe-member-access
  149:46   error  Unexpected nullable string value in conditional. Please handle the nullish/empty cases explicitly  @typescript-eslint/strict-boolean-expressions
  153:43   error  Unexpected nullable string value in conditional. Please handle the nullish/empty cases explicitly  @typescript-eslint/strict-boolean-expressions
  157:50   error  Unsafe assignment of an `any` value                                                                @typescript-eslint/no-unsafe-assignment
  157:53   error  Unsafe member access .id on an `any` value                                                         @typescript-eslint/no-unsafe-member-access
  160:67   error  Unsafe argument of type `any` assigned to a parameter of type `string | null`                      @typescript-eslint/no-unsafe-argument
  160:70   error  Unsafe member access .id on an `any` value                                                         @typescript-eslint/no-unsafe-member-access
  165:76   error  Unsafe member access .id on an `any` value                                                         @typescript-eslint/no-unsafe-member-access
  169:59   error  Unsafe member access .name_ar on an `any` value                                                    @typescript-eslint/no-unsafe-member-access
  170:50   error  Unexpected any value in conditional. An explicit comparison or type conversion is required         @typescript-eslint/strict-boolean-expressions
  170:53   error  Unsafe member access .branches on an `any` value                                                   @typescript-eslint/no-unsafe-member-access
  171:134  error  Unsafe member access .branches on an `any` value                                                   @typescript-eslint/no-unsafe-member-access
  174:73   error  Unsafe member access .id on an `any` value                                                         @typescript-eslint/no-unsafe-member-access
  184:36   error  Unsafe assignment of an `any` value                                                                @typescript-eslint/no-unsafe-assignment
  184:43   error  Unsafe member access .query on an `any` value                                                      @typescript-eslint/no-unsafe-member-access
  185:39   error  Unsafe assignment of an `any` value                                                                @typescript-eslint/no-unsafe-assignment
  185:46   error  Unsafe member access .setQuery on an `any` value                                                   @typescript-eslint/no-unsafe-member-access
  187:38   error  Unsafe assignment of an `any` value                                                                @typescript-eslint/no-unsafe-assignment
  187:45   error  Unsafe member access .isLoading on an `any` value                                                  @typescript-eslint/no-unsafe-member-access
  191:40   error  Unsafe assignment of an `any` value                                                                @typescript-eslint/no-unsafe-assignment
  191:47   error  Unsafe member access .onKeyDown on an `any` value                                                  @typescript-eslint/no-unsafe-member-access
  192:39   error  Unsafe assignment of an `any` value                                                                @typescript-eslint/no-unsafe-assignment
  192:46   error  Unsafe member access .closeDropdown on an `any` value                                              @typescript-eslint/no-unsafe-member-access
  195:35   error  Unsafe assignment of an `any` value                                                                @typescript-eslint/no-unsafe-assignment
  195:42   error  Unsafe member access .showDropdown on an `any` value                                               @typescript-eslint/no-unsafe-member-access
  196:38   error  Unsafe assignment of an `any` value                                                                @typescript-eslint/no-unsafe-assignment
  196:45   error  Unsafe member access .closeDropdown on an `any` value                                              @typescript-eslint/no-unsafe-member-access
  197:38   error  Unsafe assignment of an `any` value                                                                @typescript-eslint/no-unsafe-assignment
  197:45   error  Unsafe member access .results on an `any` value                                                    @typescript-eslint/no-unsafe-member-access
  198:38   error  Unsafe assignment of an `any` value                                                                @typescript-eslint/no-unsafe-assignment
  198:45   error  Unsafe member access .isLoading on an `any` value                                                  @typescript-eslint/no-unsafe-member-access
  199:36   error  Unsafe assignment of an `any` value                                                                @typescript-eslint/no-unsafe-assignment
  199:43   error  Unsafe member access .query on an `any` value                                                      @typescript-eslint/no-unsafe-member-access
  200:47   error  Unsafe assignment of an `any` value                                                                @typescript-eslint/no-unsafe-assignment
  200:54   error  Unsafe member access .isShowingPopular on an `any` value                                           @typescript-eslint/no-unsafe-member-access
  201:44   error  Unsafe assignment of an `any` value                                                                @typescript-eslint/no-unsafe-assignment
  201:51   error  Unsafe member access .selectedIndex on an `any` value                                              @typescript-eslint/no-unsafe-member-access
  202:39   error  Unsafe assignment of an `any` value                                                                @typescript-eslint/no-unsafe-assignment
  202:46   error  Unsafe member access .sortMode on an `any` value                                                   @typescript-eslint/no-unsafe-member-access
  203:43   error  Unsafe assignment of an `any` value                                                                @typescript-eslint/no-unsafe-assignment
  203:50   error  Unsafe member access .setSortMode on an `any` value                                                @typescript-eslint/no-unsafe-member-access
  207:36   error  Unsafe assignment of an `any` value                                                                @typescript-eslint/no-unsafe-assignment
  207:43   error  Unsafe member access .total on an `any` value                                                      @typescript-eslint/no-unsafe-member-access
  208:43   error  Unsafe assignment of an `any` value                                                                @typescript-eslint/no-unsafe-assignment
  208:50   error  Unsafe member access .searchTimeMs on an `any` value                                               @typescript-eslint/no-unsafe-member-access

C:\Users\seens\12\alzhraERP-1\alzhraERP\src\features\pos\components\payment\TreasuryAccountPicker.tsx
  17:76  error  Arrow function has too many lines (116). Maximum allowed is 50                                      max-lines-per-function
  19:4   error  Arrow function has a complexity of 12. Maximum allowed is 10                                        complexity
  28:17  error  Unnecessary conditional, expected left-hand side of `??` operator to be possibly null or undefined  @typescript-eslint/no-unnecessary-condition
  29:14  error  Unnecessary conditional, expected left-hand side of `??` operator to be possibly null or undefined  @typescript-eslint/no-unnecessary-condition
  88:30  error  Unnecessary conditional, the types have no overlap                                                  @typescript-eslint/no-unnecessary-condition

C:\Users\seens\12\alzhraERP-1\alzhraERP\src\features\pos\components\search\SearchResultCard.tsx
   15:10  error  Unexpected nullable string value in conditional. Please handle the nullish/empty cases explicitly     @typescript-eslint/strict-boolean-expressions
   35:15  error  Unnecessary conditional, value is always truthy                                                       @typescript-eslint/no-unnecessary-condition
   35:15  error  Unexpected object value in conditional. The condition is always true                                  @typescript-eslint/strict-boolean-expressions
   35:15  error  Generic Object Injection Sink                                                                         security/detect-object-injection
   51:77  error  Arrow function has too many lines (145). Maximum allowed is 50                                        max-lines-per-function
   57:4   error  Arrow function has a complexity of 21. Maximum allowed is 10                                          complexity
   59:24  error  Unexpected nullable string value in conditional. Please handle the nullish/empty cases explicitly     @typescript-eslint/strict-boolean-expressions
   77:30  error  Forbidden non-null assertion                                                                          @typescript-eslint/no-non-null-assertion
   93:22  error  Unexpected nullable boolean value in conditional. Please handle the nullish case explicitly           @typescript-eslint/strict-boolean-expressions
  103:22  error  Unexpected nullable string value in conditional. Please handle the nullish/empty cases explicitly     @typescript-eslint/strict-boolean-expressions
  109:22  error  Unexpected nullable string value in conditional. Please handle the nullish/empty cases explicitly     @typescript-eslint/strict-boolean-expressions
  115:22  error  Unexpected nullable string value in conditional. Please handle the nullish/empty cases explicitly     @typescript-eslint/strict-boolean-expressions
  121:22  error  Unexpected nullable string value in conditional. Please handle the nullish/empty cases explicitly     @typescript-eslint/strict-boolean-expressions
  127:22  error  Unexpected nullable string value in conditional. Please handle the nullish/empty cases explicitly     @typescript-eslint/strict-boolean-expressions
  136:18  error  Unexpected nullable number value in conditional. Please handle the nullish/zero/NaN cases explicitly  @typescript-eslint/strict-boolean-expressions
  140:26  error  Unexpected nullable string value in conditional. Please handle the nullish/empty cases explicitly     @typescript-eslint/strict-boolean-expressions

C:\Users\seens\12\alzhraERP-1\alzhraERP\src\features\pos\pages\POSPage.tsx
   22:27  error    Arrow function has too many lines (203). Maximum allowed is 50                                                                                                                                     max-lines-per-function
   22:30  error    Arrow function has a complexity of 13. Maximum allowed is 10                                                                                                                                       complexity
   48:14  error    Unexpected nullable string value in conditional. Please handle the nullish/empty cases explicitly                                                                                                  @typescript-eslint/strict-boolean-expressions
   61:14  error    Unexpected nullable string value in conditional. Please handle the nullish/empty cases explicitly                                                                                                  @typescript-eslint/strict-boolean-expressions
   71:8   error    React Hook useCallback has a missing dependency: 'search'. Either include it or remove the dependency array                                                                                        react-hooks/exhaustive-deps
   75:50  error    Missing return type on function                                                                                                                                                                    @typescript-eslint/explicit-function-return-type
   92:22  error    Unexpected nullable string value in conditional. Please handle the nullish/empty cases explicitly                                                                                                  @typescript-eslint/strict-boolean-expressions
   92:43  error    Prefer using nullish coalescing operator (`??`) instead of a logical or (`||`), as it is a safer operator                                                                                          @typescript-eslint/prefer-nullish-coalescing
  176:21  warning  Visible, non-interactive elements with click handlers must have at least one keyboard listener                                                                                                     jsx-a11y/click-events-have-key-events
  176:21  warning  Avoid non-native interactive elements. If using native HTML is not possible, add an appropriate role and support for tabbing, mouse, keyboard, and touch inputs to an interactive content element  jsx-a11y/no-static-element-interactions
  196:28  error    Promise-returning function provided to attribute where a void return was expected                                                                                                                  @typescript-eslint/no-misused-promises

C:\Users\seens\12\alzhraERP-1\alzhraERP\src\features\purchases\components\CreatePaymentModal.tsx
  103:68  error  Unnecessary conditional, expected left-hand side of `??` operator to be possibly null or undefined                  @typescript-eslint/no-unnecessary-condition
  103:95  error  Unnecessary conditional, expected left-hand side of `??` operator to be possibly null or undefined                  @typescript-eslint/no-unnecessary-condition
  112:8   error  React Hook useEffect has a missing dependency: 'treasuryOptions'. Either include it or remove the dependency array  react-hooks/exhaustive-deps

C:\Users\seens\12\alzhraERP-1\alzhraERP\src\features\purchases\components\PurchaseDetailsModal.tsx
  70:13  error  Promises must be awaited, end with a call to .catch, end with a call to .then with a rejection handler or be explicitly marked as ignored with the `void` operator  @typescript-eslint/no-floating-promises

✖ 402 problems (391 errors, 11 warnings)


✖ eslint --fix failed without output (KILLED).

✖ eslint --fix failed without output (KILLED).

✖ eslint --fix failed without output (KILLED).

✖ eslint --fix failed without output (KILLED).

✖ eslint --fix failed without output (KILLED).

✖ eslint --fix failed without output (KILLED).
